Archive member included because of file (symbol)

x:/embedded_systems/imt/imt_sdk_win_32/winavr/bin/../lib/gcc/avr/4.3.3/avr5\libgcc.a(_exit.o)
                              x:/embedded_systems/imt/imt_sdk_win_32/winavr/bin/../lib/gcc/avr/4.3.3/../../../../avr/lib/avr5/crtm32.o (exit)
x:/embedded_systems/imt/imt_sdk_win_32/winavr/bin/../lib/gcc/avr/4.3.3/avr5\libgcc.a(_clear_bss.o)
                              ./Flashing_Mngr.o (__do_clear_bss)
x:/embedded_systems/imt/imt_sdk_win_32/winavr/bin/../lib/gcc/avr/4.3.3/../../../../avr/lib/avr5\libc.a(eerd_byte_atmega32.o)
                              ./App.o (__eerd_byte_m32)
x:/embedded_systems/imt/imt_sdk_win_32/winavr/bin/../lib/gcc/avr/4.3.3/../../../../avr/lib/avr5\libc.a(eeupd_byte_atmega32.o)
                              ./App.o (__eeupd_byte_m32)

Allocating common symbols
Common symbol       size              file

au8RxBuffer         0xff              ./UART.o
u8len               0x1               ./UART.o

Memory Configuration

Name             Origin             Length             Attributes
text             0x00000000         0x00020000         xr
data             0x00800060         0x0000ffa0         rw !x
eeprom           0x00810000         0x00010000         rw !x
fuse             0x00820000         0x00000400         rw !x
lock             0x00830000         0x00000400         rw !x
signature        0x00840000         0x00000400         rw !x
*default*        0x00000000         0xffffffff

Linker script and memory map

LOAD x:/embedded_systems/imt/imt_sdk_win_32/winavr/bin/../lib/gcc/avr/4.3.3/../../../../avr/lib/avr5/crtm32.o
LOAD ./App.o
LOAD ./DIO.o
LOAD ./Flashing_Mngr.o
LOAD ./UART.o
LOAD x:/embedded_systems/imt/imt_sdk_win_32/winavr/bin/../lib/gcc/avr/4.3.3/avr5\libgcc.a
LOAD x:/embedded_systems/imt/imt_sdk_win_32/winavr/bin/../lib/gcc/avr/4.3.3/../../../../avr/lib/avr5\libc.a
LOAD x:/embedded_systems/imt/imt_sdk_win_32/winavr/bin/../lib/gcc/avr/4.3.3/avr5\libgcc.a
Address of section .text set to 0x7000

.hash
 *(.hash)

.dynsym
 *(.dynsym)

.dynstr
 *(.dynstr)

.gnu.version
 *(.gnu.version)

.gnu.version_d
 *(.gnu.version_d)

.gnu.version_r
 *(.gnu.version_r)

.rel.init
 *(.rel.init)

.rela.init
 *(.rela.init)

.rel.text
 *(.rel.text)
 *(.rel.text.*)
 *(.rel.gnu.linkonce.t*)

.rela.text
 *(.rela.text)
 *(.rela.text.*)
 *(.rela.gnu.linkonce.t*)

.rel.fini
 *(.rel.fini)

.rela.fini
 *(.rela.fini)

.rel.rodata
 *(.rel.rodata)
 *(.rel.rodata.*)
 *(.rel.gnu.linkonce.r*)

.rela.rodata
 *(.rela.rodata)
 *(.rela.rodata.*)
 *(.rela.gnu.linkonce.r*)

.rel.data
 *(.rel.data)
 *(.rel.data.*)
 *(.rel.gnu.linkonce.d*)

.rela.data
 *(.rela.data)
 *(.rela.data.*)
 *(.rela.gnu.linkonce.d*)

.rel.ctors
 *(.rel.ctors)

.rela.ctors
 *(.rela.ctors)

.rel.dtors
 *(.rel.dtors)

.rela.dtors
 *(.rela.dtors)

.rel.got
 *(.rel.got)

.rela.got
 *(.rela.got)

.rel.bss
 *(.rel.bss)

.rela.bss
 *(.rela.bss)

.rel.plt
 *(.rel.plt)

.rela.plt
 *(.rela.plt)

.text           0x00007000      0x77e
 *(.vectors)
 .vectors       0x00007000       0x54 x:/embedded_systems/imt/imt_sdk_win_32/winavr/bin/../lib/gcc/avr/4.3.3/../../../../avr/lib/avr5/crtm32.o
                0x00007000                __vectors
                0x00007000                __vector_default
 *(.vectors)
 *(.progmem.gcc*)
 *(.progmem*)
                0x00007054                . = ALIGN (0x2)
                0x00007054                __trampolines_start = .
 *(.trampolines)
 .trampolines   0x00007054        0x0 linker stubs
 *(.trampolines*)
                0x00007054                __trampolines_end = .
 *(.jumptables)
 *(.jumptables*)
 *(.lowtext)
 *(.lowtext*)
                0x00007054                __ctors_start = .
 *(.ctors)
                0x00007054                __ctors_end = .
                0x00007054                __dtors_start = .
 *(.dtors)
                0x00007054                __dtors_end = .
 SORT(*)(.ctors)
 SORT(*)(.dtors)
 *(.init0)
 .init0         0x00007054        0x0 x:/embedded_systems/imt/imt_sdk_win_32/winavr/bin/../lib/gcc/avr/4.3.3/../../../../avr/lib/avr5/crtm32.o
                0x00007054                __init
 *(.init0)
 *(.init1)
 *(.init1)
 *(.init2)
 .init2         0x00007054        0xc x:/embedded_systems/imt/imt_sdk_win_32/winavr/bin/../lib/gcc/avr/4.3.3/../../../../avr/lib/avr5/crtm32.o
 *(.init2)
 *(.init3)
 *(.init3)
 *(.init4)
 .init4         0x00007060       0x10 x:/embedded_systems/imt/imt_sdk_win_32/winavr/bin/../lib/gcc/avr/4.3.3/avr5\libgcc.a(_clear_bss.o)
                0x00007060                __do_clear_bss
 *(.init4)
 *(.init5)
 *(.init5)
 *(.init6)
 *(.init6)
 *(.init7)
 *(.init7)
 *(.init8)
 *(.init8)
 *(.init9)
 .init9         0x00007070        0x8 x:/embedded_systems/imt/imt_sdk_win_32/winavr/bin/../lib/gcc/avr/4.3.3/../../../../avr/lib/avr5/crtm32.o
 *(.init9)
 *(.text)
 .text          0x00007078        0x4 x:/embedded_systems/imt/imt_sdk_win_32/winavr/bin/../lib/gcc/avr/4.3.3/../../../../avr/lib/avr5/crtm32.o
                0x00007078                __vector_1
                0x00007078                __vector_12
                0x00007078                __bad_interrupt
                0x00007078                __vector_6
                0x00007078                __vector_3
                0x00007078                __vector_11
                0x00007078                __vector_17
                0x00007078                __vector_19
                0x00007078                __vector_7
                0x00007078                __vector_5
                0x00007078                __vector_4
                0x00007078                __vector_9
                0x00007078                __vector_2
                0x00007078                __vector_15
                0x00007078                __vector_8
                0x00007078                __vector_14
                0x00007078                __vector_10
                0x00007078                __vector_16
                0x00007078                __vector_18
                0x00007078                __vector_20
 .text          0x0000707c        0x0 ./App.o
 .text          0x0000707c        0x0 ./DIO.o
 .text          0x0000707c        0x0 ./Flashing_Mngr.o
 .text          0x0000707c        0x0 ./UART.o
 .text          0x0000707c        0x0 x:/embedded_systems/imt/imt_sdk_win_32/winavr/bin/../lib/gcc/avr/4.3.3/avr5\libgcc.a(_exit.o)
 .text          0x0000707c        0x0 x:/embedded_systems/imt/imt_sdk_win_32/winavr/bin/../lib/gcc/avr/4.3.3/avr5\libgcc.a(_clear_bss.o)
 .text          0x0000707c        0x0 x:/embedded_systems/imt/imt_sdk_win_32/winavr/bin/../lib/gcc/avr/4.3.3/../../../../avr/lib/avr5\libc.a(eerd_byte_atmega32.o)
 .text          0x0000707c        0x0 x:/embedded_systems/imt/imt_sdk_win_32/winavr/bin/../lib/gcc/avr/4.3.3/../../../../avr/lib/avr5\libc.a(eeupd_byte_atmega32.o)
                0x0000707c                . = ALIGN (0x2)
 *(.text.*)
 .text.APP_vidMoveIVT
                0x0000707c       0x18 ./App.o
                0x0000707c                APP_vidMoveIVT
 .text.main     0x00007094       0x7e ./App.o
                0x00007094                main
 .text.DIO_vidSetPortDir
                0x00007112       0x50 ./DIO.o
                0x00007112                DIO_vidSetPortDir
 .text.DIO_vidSetPinDir
                0x00007162       0xfa ./DIO.o
                0x00007162                DIO_vidSetPinDir
 .text.DIO_vidSetPortValue
                0x0000725c       0x28 ./DIO.o
                0x0000725c                DIO_vidSetPortValue
 .text.DIO_vidSetPinValue
                0x00007284       0xee ./DIO.o
                0x00007284                DIO_vidSetPinValue
 .text.DIO_vidGetPortValue
                0x00007372       0x28 ./DIO.o
                0x00007372                DIO_vidGetPortValue
 .text.DIO_u8GetPinaValue
                0x0000739a       0x44 ./DIO.o
                0x0000739a                DIO_u8GetPinaValue
 .text.boot_program_page
                0x000073de       0x9e ./Flashing_Mngr.o
                0x000073de                boot_program_page
 .text.flashing_vidRxNotification
                0x0000747c       0x1c ./Flashing_Mngr.o
                0x0000747c                flashing_vidRxNotification
 .text.flashingMngr_vidHandleReqFromApp
                0x00007498       0x14 ./Flashing_Mngr.o
                0x00007498                flashingMngr_vidHandleReqFromApp
 .text.flashingMngr_vidMainTask
                0x000074ac      0x1ec ./Flashing_Mngr.o
                0x000074ac                flashingMngr_vidMainTask
 .text.UART_Init
                0x00007698       0x14 ./UART.o
                0x00007698                UART_Init
 .text.UART_SendChar
                0x000076ac        0x8 ./UART.o
                0x000076ac                UART_SendChar
 .text.UART_GetChar
                0x000076b4        0xa ./UART.o
                0x000076b4                UART_GetChar
 .text.__vector_13
                0x000076be       0x8a ./UART.o
                0x000076be                __vector_13
 .text.libgcc   0x00007748        0x0 x:/embedded_systems/imt/imt_sdk_win_32/winavr/bin/../lib/gcc/avr/4.3.3/avr5\libgcc.a(_exit.o)
 .text.libgcc   0x00007748        0x0 x:/embedded_systems/imt/imt_sdk_win_32/winavr/bin/../lib/gcc/avr/4.3.3/avr5\libgcc.a(_clear_bss.o)
 .text.avr-libc
                0x00007748       0x10 x:/embedded_systems/imt/imt_sdk_win_32/winavr/bin/../lib/gcc/avr/4.3.3/../../../../avr/lib/avr5\libc.a(eerd_byte_atmega32.o)
                0x00007748                __eerd_byte_m32
 .text.avr-libc
                0x00007758       0x22 x:/embedded_systems/imt/imt_sdk_win_32/winavr/bin/../lib/gcc/avr/4.3.3/../../../../avr/lib/avr5\libc.a(eeupd_byte_atmega32.o)
                0x00007758                __eeupd_byte_m32
                0x0000775a                __eeupd_r18_m32
                0x0000777a                . = ALIGN (0x2)
 *(.fini9)
 .fini9         0x0000777a        0x0 x:/embedded_systems/imt/imt_sdk_win_32/winavr/bin/../lib/gcc/avr/4.3.3/avr5\libgcc.a(_exit.o)
                0x0000777a                exit
                0x0000777a                _exit
 *(.fini9)
 *(.fini8)
 *(.fini8)
 *(.fini7)
 *(.fini7)
 *(.fini6)
 *(.fini6)
 *(.fini5)
 *(.fini5)
 *(.fini4)
 *(.fini4)
 *(.fini3)
 *(.fini3)
 *(.fini2)
 *(.fini2)
 *(.fini1)
 *(.fini1)
 *(.fini0)
 .fini0         0x0000777a        0x4 x:/embedded_systems/imt/imt_sdk_win_32/winavr/bin/../lib/gcc/avr/4.3.3/avr5\libgcc.a(_exit.o)
 *(.fini0)
                0x0000777e                _etext = .

.data           0x00800060        0x0 load address 0x0000777e
                0x00800060                PROVIDE (__data_start, .)
 *(.data)
 .data          0x00800060        0x0 x:/embedded_systems/imt/imt_sdk_win_32/winavr/bin/../lib/gcc/avr/4.3.3/../../../../avr/lib/avr5/crtm32.o
 .data          0x00800060        0x0 ./App.o
 .data          0x00800060        0x0 ./DIO.o
 .data          0x00800060        0x0 ./Flashing_Mngr.o
 .data          0x00800060        0x0 ./UART.o
 .data          0x00800060        0x0 x:/embedded_systems/imt/imt_sdk_win_32/winavr/bin/../lib/gcc/avr/4.3.3/avr5\libgcc.a(_exit.o)
 .data          0x00800060        0x0 x:/embedded_systems/imt/imt_sdk_win_32/winavr/bin/../lib/gcc/avr/4.3.3/avr5\libgcc.a(_clear_bss.o)
 .data          0x00800060        0x0 x:/embedded_systems/imt/imt_sdk_win_32/winavr/bin/../lib/gcc/avr/4.3.3/../../../../avr/lib/avr5\libc.a(eerd_byte_atmega32.o)
 .data          0x00800060        0x0 x:/embedded_systems/imt/imt_sdk_win_32/winavr/bin/../lib/gcc/avr/4.3.3/../../../../avr/lib/avr5\libc.a(eeupd_byte_atmega32.o)
 *(.data*)
 *(.rodata)
 *(.rodata*)
 *(.gnu.linkonce.d*)
                0x00800060                . = ALIGN (0x2)
                0x00800060                _edata = .
                0x00800060                PROVIDE (__data_end, .)

.bss            0x00800060      0x10d
                0x00800060                PROVIDE (__bss_start, .)
 *(.bss)
 .bss           0x00800060        0x0 x:/embedded_systems/imt/imt_sdk_win_32/winavr/bin/../lib/gcc/avr/4.3.3/../../../../avr/lib/avr5/crtm32.o
 .bss           0x00800060        0x0 ./App.o
 .bss           0x00800060        0x0 ./DIO.o
 .bss           0x00800060        0x0 ./Flashing_Mngr.o
 .bss           0x00800060        0x0 ./UART.o
 .bss           0x00800060        0x0 x:/embedded_systems/imt/imt_sdk_win_32/winavr/bin/../lib/gcc/avr/4.3.3/avr5\libgcc.a(_exit.o)
 .bss           0x00800060        0x0 x:/embedded_systems/imt/imt_sdk_win_32/winavr/bin/../lib/gcc/avr/4.3.3/avr5\libgcc.a(_clear_bss.o)
 .bss           0x00800060        0x0 x:/embedded_systems/imt/imt_sdk_win_32/winavr/bin/../lib/gcc/avr/4.3.3/../../../../avr/lib/avr5\libc.a(eerd_byte_atmega32.o)
 .bss           0x00800060        0x0 x:/embedded_systems/imt/imt_sdk_win_32/winavr/bin/../lib/gcc/avr/4.3.3/../../../../avr/lib/avr5\libc.a(eeupd_byte_atmega32.o)
 *(.bss*)
 .bss.bIsRequestReceived
                0x00800060        0x1 ./Flashing_Mngr.o
 .bss.u8PageNo.1561
                0x00800061        0x1 ./Flashing_Mngr.o
 .bss.u16ReceivedLen.1560
                0x00800062        0x2 ./Flashing_Mngr.o
 .bss.u16CodeSize.1559
                0x00800064        0x2 ./Flashing_Mngr.o
 .bss.u8SID     0x00800066        0x1 ./Flashing_Mngr.o
 .bss.u8ReqLen  0x00800067        0x1 ./Flashing_Mngr.o
 .bss.pu8ReqData
                0x00800068        0x2 ./Flashing_Mngr.o
 .bss.enuDownloadState
                0x0080006a        0x1 ./Flashing_Mngr.o
 .bss.bufferIdx.1258
                0x0080006b        0x1 ./UART.o
 .bss.RxState.1257
                0x0080006c        0x1 ./UART.o
 *(COMMON)
 COMMON         0x0080006d      0x100 ./UART.o
                0x0080006d                au8RxBuffer
                0x0080016c                u8len
                0x0080016d                PROVIDE (__bss_end, .)
                0x0000777e                __data_load_start = LOADADDR (.data)
                0x0000777e                __data_load_end = (__data_load_start + SIZEOF (.data))

.noinit         0x0080016d        0x0
                0x0080016d                PROVIDE (__noinit_start, .)
 *(.noinit*)
                0x0080016d                PROVIDE (__noinit_end, .)
                0x0080016d                _end = .
                0x0080016d                PROVIDE (__heap_start, .)

.eeprom         0x00810000        0x2
 *(.eeprom*)
 .eeprom        0x00810000        0x2 ./App.o
                0x00810000                eedata
                0x00810002                __eeprom_end = .

.fuse
 *(.fuse)
 *(.lfuse)
 *(.hfuse)
 *(.efuse)

.lock
 *(.lock*)

.signature
 *(.signature*)

.stab           0x00000000     0x14b8
 *(.stab)
 .stab          0x00000000      0x504 ./App.o
 .stab          0x00000504      0x4c8 ./DIO.o
                                0x54c (size before relaxing)
 .stab          0x000009cc      0x780 ./Flashing_Mngr.o
                                0x9f0 (size before relaxing)
 .stab          0x0000114c      0x36c ./UART.o
                                0x378 (size before relaxing)

.stabstr        0x00000000     0x1089
 *(.stabstr)
 .stabstr       0x00000000     0x1089 ./App.o

.stab.excl
 *(.stab.excl)

.stab.exclstr
 *(.stab.exclstr)

.stab.index
 *(.stab.index)

.stab.indexstr
 *(.stab.indexstr)

.comment
 *(.comment)

.debug
 *(.debug)

.line
 *(.line)

.debug_srcinfo
 *(.debug_srcinfo)

.debug_sfnames
 *(.debug_sfnames)

.debug_aranges
 *(.debug_aranges)

.debug_pubnames
 *(.debug_pubnames)

.debug_info
 *(.debug_info)
 *(.gnu.linkonce.wi.*)

.debug_abbrev
 *(.debug_abbrev)

.debug_line
 *(.debug_line)

.debug_frame
 *(.debug_frame)

.debug_str
 *(.debug_str)

.debug_loc
 *(.debug_loc)

.debug_macinfo
 *(.debug_macinfo)
OUTPUT(BLD_FlashingTool.elf elf32-avr)
LOAD linker stubs
